// Jest Snapshot v1, https://goo.gl/fbAQLP

exports[`renders Title component 1`] = `
<div
  className="sc-bdVaJa kxiiak"
>
  <h1>
    Evan Bradley
  </h1>
  <p>
    Climate Change Analyst
  </p>
</div>
`;
