// Jest Snapshot v1, https://goo.gl/fbAQLP

exports[`renders IconText component 1`] = `
<div
  className="sc-bdVaJa kaWZKk"
>
  <div>
    <i
      class="material-icons"
    >
      phone
    </i>
    <p>
      <b>
        +477 3086 7958
      </b>
    </p>
  </div>
</div>
`;
